C:\materija\Ra174-2014\LPRS2\V3\implementation\system.ngc 1490781291
C:/materija/Ra174-2014/LPRS2/V3/implementation/system_dip_switches_wrapper.ngc 1490781253
C:/materija/Ra174-2014/LPRS2/V3/implementation/system_my_peripheral_0_wrapper.ngc 1490781275
C:/materija/Ra174-2014/LPRS2/V3/implementation/system_rs232_wrapper.ngc 1490781253
C:/materija/Ra174-2014/LPRS2/V3/implementation/system_proc_sys_reset_0_wrapper.ngc 1490781253
C:/materija/Ra174-2014/LPRS2/V3/implementation/system_clock_generator_0_wrapper.ngc 1490781278
C:/materija/Ra174-2014/LPRS2/V3/implementation/system_microblaze_0_ilmb_wrapper.ngc 1490781253
C:/materija/Ra174-2014/LPRS2/V3/implementation/system_microblaze_0_dlmb_wrapper.ngc 1490781253
C:/materija/Ra174-2014/LPRS2/V3/implementation/system_axi4lite_0_wrapper.ngc 1490781281
C:/materija/Ra174-2014/LPRS2/V3/implementation/system_microblaze_0_wrapper.ngc 1490781253
C:/materija/Ra174-2014/LPRS2/V3/implementation/system_microblaze_0_i_bram_ctrl_wrapper.ngc 1490781253
C:/materija/Ra174-2014/LPRS2/V3/implementation/system_microblaze_0_d_bram_ctrl_wrapper.ngc 1490781253
C:/materija/Ra174-2014/LPRS2/V3/implementation/system_debug_module_wrapper.ngc 1490781253
C:/materija/Ra174-2014/LPRS2/V3/implementation/system_microblaze_0_bram_block_wrapper.ngc 1490781253
OK
